Testing PDF generation with bookmarks...
